! Frequency Response Data (FRD) for Shure SM57 (Example)
! This is a simulated data set for demonstration purposes.
! Model: Shure SM57
! Type: Dynamic
! Data: Simulated based on typical published response
!
! Format: Frequency(Hz)  Magnitude(dB)  Phase(degrees)
!
20.0	-25.5	-180.0
25.0	-21.2	-170.1
31.5	-17.8	-160.5
40.0	-14.5	-151.2
50.0	-11.2	-142.3
63.0	-8.1	-133.8
80.0	-5.3	-125.7
100.0	-2.8	-118.0
125..0	-1.2	-110.7
160.0	-0.5	-103.8
200.0	-0.2	-97.3
250.0	0.0	-91.2
315.0	0.1	-85.5
400.0	0.2	-80.2
500.0	0.3	-75.3
630.0	0.5	-70.8
800.0	0.8	-66.7
1000.0	1.0	-63.0
1250.0	1.2	-59.7
1600.0	1.5	-56.8
2000.0	2.0	-54.3
2500.0	3.0	-52.2
3150.0	4.5	-50.5
4000.0	5.5	-49.2
5000.0	4.8	-48.3
6300.0	3.5	-47.8
8000.0	2.0	-47.7
10000.0	0.5	-48.0
12500.0	-2.0	-48.7
16000.0	-5.5	-49.8
20000.0	-10.2	-51.3
